PROYECTO IN PIURA | CUI 2669244 | ANIN-DIME-SESDI
Subida de 117 plantillas Excel a Google Drive
------------------------------------------------------------------------
[  1/117] 2        Plantilla_Excel_Bloque_2_IN_Piura.xlsx -> 14m7pq9_TP1_Ui9NDiF4aKJqjFVWVUp5z (DIAGNOSTICO BLOQUE 2, 19447 B)
[  2/117] 3        Plantilla_Excel_Bloque_3_IN_Piura.xlsx -> 1XwIYna9HyuY27letXu6JxOp2S6yjpdrV (DIAGNOSTICO BLOQUE 3, 19159 B)
[  3/117] M19B7    Plantilla_Excel_Bloque_M19B7_IN_Piura.xlsx -> 1svW60f-SbOb7NaD20JVoNfT0Ng_ym5GF (DIAGNOSTICO BLOQUE M19B7, 20594 B)
[  4/117] M17B5    Plantilla_Excel_Bloque_M17B5_IN_Piura.xlsx -> 1tOrxQ-WFAWm4Cgjd4Uvw-lNatyc7YDF5 (DIAGNOSTICO BLOQUE M17B5, 21366 B)
[  5/117] M17B1    Plantilla_Excel_Bloque_M17B1_IN_Piura.xlsx -> 1RvPmDFXvYkk_PS6s2jIrCt5pAUkkoXkP (DIAGNOSTICO BLOQUE M17B1, 20878 B)
[  6/117] M8B2     Plantilla_Excel_Bloque_M8B2_IN_Piura.xlsx -> 13J4tcff_cYAOL0Annx8mR_UxRk4R2Nh_ (DIAGNOSTICO BLOQUE M8B2, 20054 B)
[  7/117] M7B3     Plantilla_Excel_Bloque_M7B3_IN_Piura.xlsx -> 1xJ_Nxzzbta7MvQJiuvSg0VbKONnX5SuN (DIAGNOSTICO BLOQUE M7B3, 20799 B)
[  8/117] M6B2-3   Plantilla_Excel_Bloque_M6B2-3_IN_Piura.xlsx -> 12whTxcIOAEoXo4-gRfG0ExMNgUhaMcMH (DIAGNOSTICO BLOQUE M6B2-3, 20254 B)
[  9/117] M6B2-2   Plantilla_Excel_Bloque_M6B2-2_IN_Piura.xlsx -> 1fey5NnbSqSMwXPJJREtJFHhttiRZA25m (DIAGNOSTICO BLOQUE M6B2-2, 21560 B)
[ 10/117] M6B2-1   Plantilla_Excel_Bloque_M6B2-1_IN_Piura.xlsx -> 1xHML6Gok5DCvH73a_rW3gwD_4My1Y46F (DIAGNOSTICO BLOQUE M6B2-1, 19941 B)
[ 11/117] M2B8     Plantilla_Excel_Bloque_M2B8_IN_Piura.xlsx -> 1_G_OjnrE_IEvw99D9sYYWXPD1JykImNb (DIAGNOSTICO BLOQUE M2B8, 20250 B)
[ 12/117] 81       Plantilla_Excel_Bloque_81_IN_Piura.xlsx -> 1-ty6pGpOBZSIZEOdIBw9027f_Ay0Gk_0 (DIAGNOSTICO BLOQUE 81, 19204 B)
[ 13/117] 79       Plantilla_Excel_Bloque_79_IN_Piura.xlsx -> 11l-YffSaPgYcFurZzllQUdnK_z4AYKHr (DIAGNOSTICO BLOQUE 79, 19173 B)
[ 14/117] M3B1     Plantilla_Excel_Bloque_M3B1_IN_Piura.xlsx -> 1HFvHulGOSPG3b27ghFD4FVw80d52hye3 (DIAGNOSTICO BLOQUE M3B1, 20739 B)
[ 15/117] 77       Plantilla_Excel_Bloque_77_IN_Piura.xlsx -> 11qu0WhfrFa2O9v_PgAWl8A7XzhzfWTEz (DIAGNOSTICO BLOQUE 77, 20658 B)
[ 16/117] 63       Plantilla_Excel_Bloque_63_IN_Piura.xlsx -> 1deRIqd5cJL7TkdwAeMMkVGcto0E0JF9p (DIAGNOSTICO BLOQUE 63, 19644 B)
[ 17/117] 64       Plantilla_Excel_Bloque_64_IN_Piura.xlsx -> 17BKeddekMrOQVf7JTGERPcwhokZajSXH (DIAGNOSTICO BLOQUE 64, 20538 B)
[ 18/117] 60       Plantilla_Excel_Bloque_60_IN_Piura.xlsx -> 1jFRYMpbSbgxQI6VzGcqIycYnX2EdPNlz (DIAGNOSTICO BLOQUE 60, 20861 B)
[ 19/117] 55       Plantilla_Excel_Bloque_55_IN_Piura.xlsx -> 1fAdYS3zpP8w-dkC_BAoeLDamUlw7Z2cb (DIAGNOSTICO BLOQUE 55, 19975 B)
[ 20/117] 51       Plantilla_Excel_Bloque_51_IN_Piura.xlsx -> 118YxaTa-CuWy6GoNWY7h78CTdrUTJpUC (DIAGNOSTICO BLOQUE 51, 19991 B)
[ 21/117] 36       Plantilla_Excel_Bloque_36_IN_Piura.xlsx -> 1GgbWL1KKNbkQTwei1_l9udHLzr6zcI8r (DIAGNOSTICO BLOQUE 36, 19094 B)
[ 22/117] 58       Plantilla_Excel_Bloque_58_IN_Piura.xlsx -> 1rvObOCAwKG3j6j4p3WJ-tX0VaBIJ1g5i (DIAGNOSTICO BLOQUE 58, 20742 B)
[ 23/117] 40       Plantilla_Excel_Bloque_40_IN_Piura.xlsx -> 17wZNQScPGhIaXtJB1jeZl_3HIo-Tyh1d (DIAGNOSTICO BLOQUE 40, 19125 B)
[ 24/117] 38       Plantilla_Excel_Bloque_38_IN_Piura.xlsx -> 1yuUQzI9jI-NAR_Tp__ZhacMnLhwkno7- (DIAGNOSTICO BLOQUE 38, 19983 B)
[ 25/117] 30       Plantilla_Excel_Bloque_30_IN_Piura.xlsx -> 1tbGK5-zZJrPxCoDaObNg9n8Bb9WKZaQt (DIAGNOSTICO BLOQUE 30, 18925 B)
[ 26/117] 37       Plantilla_Excel_Bloque_37_IN_Piura.xlsx -> 1kZcdHqDfGdsS3tQpoqb4F1CslvQSD2G3 (DIAGNOSTICO BLOQUE 37, 20237 B)
[ 27/117] 34       Plantilla_Excel_Bloque_34_IN_Piura.xlsx -> 1xbJoctRyG2VSkVz-rqRQSpewaOWQu2ah (DIAGNOSTICO BLOQUE 34, 19399 B)
[ 28/117] 28       Plantilla_Excel_Bloque_28_IN_Piura.xlsx -> 13ZfYSrZ-gpN1SXIMKb51QTpvKbTU4c0C (DIAGNOSTICO BLOQUE 28, 18877 B)
[ 29/117] 23       Plantilla_Excel_Bloque_23_IN_Piura.xlsx -> 19pEvrXfVb_VfkaeqXz4K7wkB2l_e5mN9 (DIAGNOSTICO BLOQUE 23, 20007 B)
[ 30/117] 20       Plantilla_Excel_Bloque_20_IN_Piura.xlsx -> 1cekf85Mct43h3h45D9QOHu_V-RQCqeoF (DIAGNOSTICO BLOQUE 20, 19428 B)
[ 31/117] 21       Plantilla_Excel_Bloque_21_IN_Piura.xlsx -> 1crn4mSKdbFqjA5zHkXMMm7vzCV_RMW-o (DIAGNOSTICO BLOQUE 21, 19501 B)
[ 32/117] 8        Plantilla_Excel_Bloque_8_IN_Piura.xlsx -> 1CXjBMWbcBXI3dWyUaoler79PaBtutF-4 (DIAGNOSTICO BLOQUE 8, 19864 B)
[ 33/117] 5        Plantilla_Excel_Bloque_5_IN_Piura.xlsx -> 1nZp_rDFzAjNGSfFQHVVa42xcMGGtKUPn (DIAGNOSTICO BLOQUE 5, 20105 B)
[ 34/117] 9        Plantilla_Excel_Bloque_9_IN_Piura.xlsx -> 1pe1jtnrVqiQx_D_RysdYdXbs2URDGXGl (DIAGNOSTICO BLOQUE 9, 19215 B)
[ 35/117] 11       Plantilla_Excel_Bloque_11_IN_Piura.xlsx -> 16psVWpD1ZGHWVSAw7Xa0gaeFC9be3mvp (DIAGNOSTICO BLOQUE 11, 19810 B)
[ 36/117] 4        Plantilla_Excel_Bloque_4_IN_Piura.xlsx -> 1BmqzZivD26hDa4n3yfMgph8mni8fy9Of (DIAGNOSTICO BLOQUE 4, 20019 B)
[ 37/117] 12       Plantilla_Excel_Bloque_12_IN_Piura.xlsx -> 1YTCCpMF9Rlrqc_nte61EoJXY7Rm8HYtS (DIAGNOSTICO BLOQUE 12, 19783 B)
[ 38/117] 14       Plantilla_Excel_Bloque_14_IN_Piura.xlsx -> 1BsoqP1MohsgjIHFoSAi8Z4kVaVzsNfHZ (DIAGNOSTICO BLOQUE 14, 21367 B)
[ 39/117] 13       Plantilla_Excel_Bloque_13_IN_Piura.xlsx -> 11gnKd0xAv9G9r6XZi5SL6DMy6mOO9b6k (DIAGNOSTICO BLOQUE 13, 19902 B)
[ 40/117] 15       Plantilla_Excel_Bloque_15_IN_Piura.xlsx -> 1AJjfmayZp0TO4qaMTNSPEpPvvTOc5qim (DIAGNOSTICO BLOQUE 15, 19791 B)
[ 41/117] 17       Plantilla_Excel_Bloque_17_IN_Piura.xlsx -> 1PxXW1bkiUs9Ne5uUe6aBEDwkzs-ZOV-y (DIAGNOSTICO BLOQUE 17, 20535 B)
[ 42/117] 18       Plantilla_Excel_Bloque_18_IN_Piura.xlsx -> 17wFTEpS-GKF8lMbIO457i7HDxy81ugo3 (DIAGNOSTICO BLOQUE 18, 19922 B)
[ 43/117] 19       Plantilla_Excel_Bloque_19_IN_Piura.xlsx -> 1QJ0i7KnPU_ZVOd56XdkTbKQRrepTniQi (DIAGNOSTICO BLOQUE 19, 19977 B)
[ 44/117] 22       Plantilla_Excel_Bloque_22_IN_Piura.xlsx -> 1sXRnr2rvHAi3Q2mdJ84KBN24-2dBbjVP (DIAGNOSTICO BLOQUE 22, 19681 B)
[ 45/117] 26       Plantilla_Excel_Bloque_26_IN_Piura.xlsx -> 1Q6YkpZFx0uU7xhjn08X5oClcMDu7JBRM (DIAGNOSTICO BLOQUE 26, 19733 B)
[ 46/117] 24       Plantilla_Excel_Bloque_24_IN_Piura.xlsx -> 1mGTQalZNx4HERgDeT7a27JfTW_2-g2OQ (DIAGNOSTICO BLOQUE 24, 19115 B)
[ 47/117] 27       Plantilla_Excel_Bloque_27_IN_Piura.xlsx -> 12AQCKQ0zt5kzhDChJsGBXfva-rjdRMZD (DIAGNOSTICO BLOQUE 27, 20021 B)
[ 48/117] 35       Plantilla_Excel_Bloque_35_IN_Piura.xlsx -> 16BYYPC6Qw5_F-U4gGR1_9kLNW2SIB78S (DIAGNOSTICO BLOQUE 35, 20020 B)
[ 49/117] 50       Plantilla_Excel_Bloque_50_IN_Piura.xlsx -> 1dWbye9e1FGSdrSiHUgmq_71aL0dGUzH- (DIAGNOSTICO BLOQUE 50, 19181 B)
[ 50/117] 52       Plantilla_Excel_Bloque_52_IN_Piura.xlsx -> 1XmSSRYr-KFqYzCWcjmWu47adlGOqR07O (DIAGNOSTICO BLOQUE 52, 20276 B)
[ 51/117] 42       Plantilla_Excel_Bloque_42_IN_Piura.xlsx -> 1_MQPStO9fdmA3rASuXGXS-03NZF3gY3k (DIAGNOSTICO BLOQUE 42, 19836 B)
[ 52/117] 41       Plantilla_Excel_Bloque_41_IN_Piura.xlsx -> 1VedKExXj6KIiTkPaRm7NsyRlsBr-LoHJ (DIAGNOSTICO BLOQUE 41, 20272 B)
[ 53/117] 44       Plantilla_Excel_Bloque_44_IN_Piura.xlsx -> 1prhzOHXfoG_mKjX_Of03z0gWXa3P3wDB (DIAGNOSTICO BLOQUE 44, 19239 B)
[ 54/117] 43       Plantilla_Excel_Bloque_43_IN_Piura.xlsx -> 1Ujr8vbykT2wbxWJ8zZzCb_uJMQzE1Kz5 (DIAGNOSTICO BLOQUE 43, 19926 B)
[ 55/117] 49       Plantilla_Excel_Bloque_49_IN_Piura.xlsx -> 1FB0wNh4FypNH0PSDnB0sN5d1QA9GbuMy (DIAGNOSTICO BLOQUE 49, 19797 B)
[ 56/117] 47       Plantilla_Excel_Bloque_47_IN_Piura.xlsx -> 1tNjlqrGDoGc-7aMWBH1CCiSAi6GmNqc4 (DIAGNOSTICO BLOQUE 47, 19206 B)
[ 57/117] 6        Plantilla_Excel_Bloque_6_IN_Piura.xlsx -> 1Fe6OFhre3nbFtB6TDgvqvEUxS5FC5bVa (DIAGNOSTICO BLOQUE 6, 19709 B)
[ 58/117] 57       Plantilla_Excel_Bloque_57_IN_Piura.xlsx -> 1LZKcUBm66AcMRAUqJP5gppSoqODuQ1mm (DIAGNOSTICO BLOQUE 57, 19855 B)
[ 59/117] 56       Plantilla_Excel_Bloque_56_IN_Piura.xlsx -> 12N1KOF829JLUhtEVu4HA0HoYCLXdR8Z6 (DIAGNOSTICO BLOQUE 56, 20117 B)
[ 60/117] 59       Plantilla_Excel_Bloque_59_IN_Piura.xlsx -> 1O5aSb6e2ASmRN7kWBkoCV6ZRoMj_dAun (DIAGNOSTICO BLOQUE 59, 21175 B)
[ 61/117] 61       Plantilla_Excel_Bloque_61_IN_Piura.xlsx -> 1WlwG9rkht5et8W5DSFhsWwnTa09vIKjv (DIAGNOSTICO BLOQUE 61, 20095 B)
[ 62/117] 73       Plantilla_Excel_Bloque_73_IN_Piura.xlsx -> 10IeruvHF5rougg1FTWs3jqsfG5b9Ss5r (DIAGNOSTICO BLOQUE 73, 21013 B)
[ 63/117] 71       Plantilla_Excel_Bloque_71_IN_Piura.xlsx -> 1T4t71z-bmg1EgIcMGEAo9NgNH3A6npui (DIAGNOSTICO BLOQUE 71, 20315 B)
[ 64/117] 76       Plantilla_Excel_Bloque_76_IN_Piura.xlsx -> 1fEX3bKhYoguCxrRlhe04qfQ_bLLsUb5v (DIAGNOSTICO BLOQUE 76, 20941 B)
[ 65/117] 66       Plantilla_Excel_Bloque_66_IN_Piura.xlsx -> 1-v7L3Q7vnWixtGeBZPRmcTwL83So5Mef (DIAGNOSTICO BLOQUE 66, 20708 B)
[ 66/117] 67       Plantilla_Excel_Bloque_67_IN_Piura.xlsx -> 1__brv6-Sg3AHtFXkeU2x0ZrM5sYFXMhD (DIAGNOSTICO BLOQUE 67, 19999 B)
[ 67/117] 72       Plantilla_Excel_Bloque_72_IN_Piura.xlsx -> 1JPB_uWobqchiSsANgipL6yCx520inYtc (DIAGNOSTICO BLOQUE 72, 21042 B)
[ 68/117] 80       Plantilla_Excel_Bloque_80_IN_Piura.xlsx -> 1bc1EY20QN6Noo6XbH4jkDeVs3IENX6i- (DIAGNOSTICO BLOQUE 80, 20568 B)
[ 69/117] 78       Plantilla_Excel_Bloque_78_IN_Piura.xlsx -> 1l1qxfEqgvmUiXSb8QnQ1qhB82_fmZzFY (DIAGNOSTICO BLOQUE 78, 20264 B)
[ 70/117] 87       Plantilla_Excel_Bloque_87_IN_Piura.xlsx -> 1mTy0OKargQgXCvgRpX-MN1X0pZ2qZchR (DIAGNOSTICO BLOQUE 87, 21085 B)
[ 71/117] 82       Plantilla_Excel_Bloque_82_IN_Piura.xlsx -> 1HEZrVvGgOCil3A5IYJrwd4HEdGg7iikw (DIAGNOSTICO BLOQUE 82, 20961 B)
[ 72/117] M11B3    Plantilla_Excel_Bloque_M11B3_IN_Piura.xlsx -> 1U6m74LyawGHP0e_TihiSmvLKhc1I2Q5j (DIAGNOSTICO BLOQUE M11B3, 20961 B)
[ 73/117] M10B4    Plantilla_Excel_Bloque_M10B4_IN_Piura.xlsx -> 1XiNpugRFhfSV_uCECQ_IbdBnzGFQ2F4P (DIAGNOSTICO BLOQUE M10B4, 20726 B)
[ 74/117] M17B4    Plantilla_Excel_Bloque_M17B4_IN_Piura.xlsx -> 1qBhB5MGOM1cscwjVeoWjyhHis7WjKFUI (DIAGNOSTICO BLOQUE M17B4, 21273 B)
[ 75/117] M12B1    Plantilla_Excel_Bloque_M12B1_IN_Piura.xlsx -> 10zcDqF2VBcJEcs51RW61sBe2X9pu-GcP (DIAGNOSTICO BLOQUE M12B1, 20616 B)
[ 76/117] M19B2    Plantilla_Excel_Bloque_M19B2_IN_Piura.xlsx -> 1axU2afXYW4ZGlKoeKc3zjTCFNQ5lxQIm (DIAGNOSTICO BLOQUE M19B2, 21411 B)
[ 77/117] M18B1    Plantilla_Excel_Bloque_M18B1_IN_Piura.xlsx -> 1xPJ8XBzb5Uh4gF4Kq_BTIZUHnztLZzyY (DIAGNOSTICO BLOQUE M18B1, 20314 B)
[ 78/117] M17B6    Plantilla_Excel_Bloque_M17B6_IN_Piura.xlsx -> 1cyl7CR172fOAG0z02P89Z25DBgjiEpJE (DIAGNOSTICO BLOQUE M17B6, 21679 B)
[ 79/117] M18B3    Plantilla_Excel_Bloque_M18B3_IN_Piura.xlsx -> 1SMzfiQWA7IhW2XH4DtmeArj7gshuS54T (DIAGNOSTICO BLOQUE M18B3, 20556 B)
[ 80/117] M17B7    Plantilla_Excel_Bloque_M17B7_IN_Piura.xlsx -> 1kBKhaXbww-u5qotUX_U9GANVwlMhiUzQ (DIAGNOSTICO BLOQUE M17B7, 20745 B)
[ 81/117] M2B1     Plantilla_Excel_Bloque_M2B1_IN_Piura.xlsx -> 1FzmtPS3fS9hFSL6Hm1g48iW3HjHLvfrw (DIAGNOSTICO BLOQUE M2B1, 21272 B)
[ 82/117] M1B1     Plantilla_Excel_Bloque_M1B1_IN_Piura.xlsx -> 1IQhCiNRcCPIY83rxzfQiljhmrqWBlSRt (DIAGNOSTICO BLOQUE M1B1, 20318 B)
[ 83/117] M28B2    Plantilla_Excel_Bloque_M28B2_IN_Piura.xlsx -> 10pKTiOQxqOTwgyUNxsFtaeqQbKjbV5ku (DIAGNOSTICO BLOQUE M28B2, 20401 B)
[ 84/117] M20B1    Plantilla_Excel_Bloque_M20B1_IN_Piura.xlsx -> 1bjvzaMmxS2AgNEHX3gfFSiiE104rJ0RD (DIAGNOSTICO BLOQUE M20B1, 19908 B)
[ 85/117] M2B5     Plantilla_Excel_Bloque_M2B5_IN_Piura.xlsx -> 1MI5shbLxOr7JLfog1wTprM-v3A9KbGjp (DIAGNOSTICO BLOQUE M2B5, 20583 B)
[ 86/117] M28B3    Plantilla_Excel_Bloque_M28B3_IN_Piura.xlsx -> 1-trwJeabIEwc58jhoUYkRtmeQoym8cxl (DIAGNOSTICO BLOQUE M28B3, 20257 B)
[ 87/117] M27B1    Plantilla_Excel_Bloque_M27B1_IN_Piura.xlsx -> 1ibPnzTarQ1yQOMSN17euZQfW-KfKPZ7b (DIAGNOSTICO BLOQUE M27B1, 20902 B)
[ 88/117] M28B4    Plantilla_Excel_Bloque_M28B4_IN_Piura.xlsx -> 1m4opls49Z_hFe9Oh-SSVwVKIG9GVv2MX (DIAGNOSTICO BLOQUE M28B4, 21302 B)
[ 89/117] M3B3     Plantilla_Excel_Bloque_M3B3_IN_Piura.xlsx -> 1cOtWwiZgnLJQVZSafZMinqjbzhheKFoq (DIAGNOSTICO BLOQUE M3B3, 20924 B)
[ 90/117] M32B3    Plantilla_Excel_Bloque_M32B3_IN_Piura.xlsx -> 1deTvuyBO40rMhEVMfJ150ko284SYoSYn (DIAGNOSTICO BLOQUE M32B3, 21224 B)
[ 91/117] M30B5    Plantilla_Excel_Bloque_M30B5_IN_Piura.xlsx -> 1fsoRljJGXGW7a-Xv7MHfExZr6BAqIz05 (DIAGNOSTICO BLOQUE M30B5, 21310 B)
[ 92/117] M3B5     Plantilla_Excel_Bloque_M3B5_IN_Piura.xlsx -> 1cTY61Xr9QmQnilPhoO8bglrYsIfRis5v (DIAGNOSTICO BLOQUE M3B5, 20562 B)
[ 93/117] M36B2    Plantilla_Excel_Bloque_M36B2_IN_Piura.xlsx -> 1BRV7QYwD0bUAjNzoq3de_HwOKHsbdN6W (DIAGNOSTICO BLOQUE M36B2, 20366 B)
[ 94/117] M3B8     Plantilla_Excel_Bloque_M3B8_IN_Piura.xlsx -> 1C0sZtbD4w7S_wxNmTjyA_ErtyQAZaQPy (DIAGNOSTICO BLOQUE M3B8, 20708 B)
[ 95/117] M3B7     Plantilla_Excel_Bloque_M3B7_IN_Piura.xlsx -> 1m7IALIuY2OtSWx685ku9SPqPpG7xIaom (DIAGNOSTICO BLOQUE M3B7, 21140 B)
[ 96/117] M4B3     Plantilla_Excel_Bloque_M4B3_IN_Piura.xlsx -> 1D6y1gcabvD3J8UNYzZ3eo_oIbzfxEPSF (DIAGNOSTICO BLOQUE M4B3, 20609 B)
[ 97/117] M3B9     Plantilla_Excel_Bloque_M3B9_IN_Piura.xlsx -> 1uNI63yCsBebeBGCcIPNc6U3-2RoSxwa4 (DIAGNOSTICO BLOQUE M3B9, 20541 B)
[ 98/117] M3B6     Plantilla_Excel_Bloque_M3B6_IN_Piura.xlsx -> 12WDiqxI0uXXv1VsamYl8RPjm-LECsjLP (DIAGNOSTICO BLOQUE M3B6, 20755 B)
[ 99/117] M4B4     Plantilla_Excel_Bloque_M4B4_IN_Piura.xlsx -> 1tS9iBa5KY5815_6NcIjcENxaJ2G6irH2 (DIAGNOSTICO BLOQUE M4B4, 20324 B)
[100/117] M6B10    Plantilla_Excel_Bloque_M6B10_IN_Piura.xlsx -> 1BSWY17eUA4UiJMktjunZMa_3Ie9lMNsG (DIAGNOSTICO BLOQUE M6B10, 20696 B)
[101/117] M7B6     Plantilla_Excel_Bloque_M7B6_IN_Piura.xlsx -> 1TEyGZcwheeh_n2PGOUlvl_u6I4oLf06Q (DIAGNOSTICO BLOQUE M7B6, 20465 B)
[102/117] M7B2     Plantilla_Excel_Bloque_M7B2_IN_Piura.xlsx -> 1Cuw-5-H_CgTTGO_C8_nAL91yLdAoqR0y (DIAGNOSTICO BLOQUE M7B2, 19973 B)
[103/117] 70       Plantilla_Excel_Bloque_70_IN_Piura.xlsx -> 1qmQRkASvS8XoZIQdZ-hdGgawHgA1p0It (DIAGNOSTICO BLOQUES 70 y 53, 20316 B)
[104/117] 53       Plantilla_Excel_Bloque_53_IN_Piura.xlsx -> 1qmQRkASvS8XoZIQdZ-hdGgawHgA1p0It (DIAGNOSTICO BLOQUES 70 y 53, 19369 B)
[105/117] M7B1     Plantilla_Excel_Bloque_M7B1_IN_Piura.xlsx -> 1z8aL3WYudoPbP4SAINwaPpzjefdFWB0k (DIAGNOSTICO BLOQUE M7B1, 20614 B)
[106/117] M22B1    Plantilla_Excel_Bloque_M22B1_IN_Piura.xlsx -> 1pLbZQ_o92OkVF0wD8-SnwMqrPkL1HjhB (DIAGNOSTICO BLQOUE M22B1, 19904 B)
[107/117] M9B1     Plantilla_Excel_Bloque_M9B1_IN_Piura.xlsx -> 1xrjOVFY5y4frYKDfFHFFRc4eWoGWoRhf (DIAGNOSTICO BLOQUE M9B1, 20779 B)
[108/117] 83       Plantilla_Excel_Bloque_83_IN_Piura.xlsx -> 1V42IvbeF1u5aWzADgyAfPbvbVi2pgarQ (DIAGNOSTICO BLOQUES 83 Y 84, 20608 B)
[109/117] 84       Plantilla_Excel_Bloque_84_IN_Piura.xlsx -> 1V42IvbeF1u5aWzADgyAfPbvbVi2pgarQ (DIAGNOSTICO BLOQUES 83 Y 84, 20446 B)
[110/117] 39       Plantilla_Excel_Bloque_39_IN_Piura.xlsx -> 1s_zPpGpt3D3Lp4j1mc-NJ6BlA6MuUhNK (DIAGNOSTICO BLQOUE 39, 19131 B)
[111/117] 10       Plantilla_Excel_Bloque_10_IN_Piura.xlsx -> 1JFlaBSEnNUtqJXFFy8K1LqsqU3vruxWm (DIAGNOSTICO BLQOUES 10 Y 16, 19258 B)
[112/117] 16       Plantilla_Excel_Bloque_16_IN_Piura.xlsx -> 1JFlaBSEnNUtqJXFFy8K1LqsqU3vruxWm (DIAGNOSTICO BLQOUES 10 Y 16, 19540 B)
[113/117] M17B10   Plantilla_Excel_Bloque_M17B10_IN_Piura.xlsx -> 1o5ydbY_7k2eaZLTcZtkwvtpGKYTW3h4x (DIAGNOSTICO M17B10, 20850 B)
[114/117] 31       Plantilla_Excel_Bloque_31_IN_Piura.xlsx -> 16Q4dVjLla-bLyRRWrAHt0Zy-OwquAywh (DIAGNOSTICOS BLOQUES 31 y 69, 19414 B)
[115/117] 69       Plantilla_Excel_Bloque_69_IN_Piura.xlsx -> 16Q4dVjLla-bLyRRWrAHt0Zy-OwquAywh (DIAGNOSTICOS BLOQUES 31 y 69, 20764 B)
[116/117] 85       Plantilla_Excel_Bloque_85_IN_Piura.xlsx -> 1B_w3ALXyTIpwwjIKvX9ZTtpIK9xvxbI- (DIAGNOSTICOS BLOQUES 85 Y 86, 21099 B)
[117/117] 86       Plantilla_Excel_Bloque_86_IN_Piura.xlsx -> 1B_w3ALXyTIpwwjIKvX9ZTtpIK9xvxbI- (DIAGNOSTICOS BLOQUES 85 Y 86, 21613 B)
------------------------------------------------------------------------
Subidas correctas: 0 | incidencias: 0
